22:26:12 **** Incremental Build of configuration Debug_FLASH for project CMSIS_Driver_GPIO_PORT ****
make -j8 all 
Building file: ../src/main.c
Invoking: Standard S32DS C Compiler
arm-none-eabi-gcc "@src/main.args" -MMD -MP -MF"src/main.d" -MT"src/main.o" -o "src/main.o" "../src/main.c"
Finished building: ../src/main.c
 
Building target: CMSIS_Driver_GPIO_PORT.elf
Invoking: Standard S32DS C Linker
arm-none-eabi-gcc -o "CMSIS_Driver_GPIO_PORT.elf" "@CMSIS_Driver_GPIO_PORT.args"   
Finished building target: CMSIS_Driver_GPIO_PORT.elf
 
Invoking: Standard S32DS Print Size
arm-none-eabi-size --format=berkeley CMSIS_Driver_GPIO_PORT.elf
   text	   data	    bss	    dec	    hex	filename
   7484	   2400	   3968	  13852	   361c	CMSIS_Driver_GPIO_PORT.elf
Finished building: CMSIS_Driver_GPIO_PORT.siz
 
22:26:18 **** Incremental Build of configuration Debug_FLASH for project CMSIS_Driver_GPIO_PORT ****
make -j8 all 
Invoking: Standard S32DS Print Size
arm-none-eabi-size --format=berkeley CMSIS_Driver_GPIO_PORT.elf
   text	   data	    bss	    dec	    hex	filename
   7484	   2400	   3968	  13852	   361c	CMSIS_Driver_GPIO_PORT.elf
Finished building: CMSIS_Driver_GPIO_PORT.siz
 
